// Jest Snapshot v1, https://goo.gl/fbAQLP

exports[`getProjection returns a projection object 1`] = `
Object {
  "a": 1,
  "b": 1,
}
`;

exports[`getProjection returns an empty object 1`] = `Object {}`;

exports[`getProjection returns empty when fieldASTs is not set 1`] = `Object {}`;

exports[`getProjection returns empty when fieldASTs.fieldNodes is empty 1`] = `Object {}`;

exports[`getProjection returns empty when fieldASTs.fieldNodes is not an array 1`] = `Object {}`;

exports[`getProjection returns empty when fieldASTs.fieldNodes[0].selectionSet is not set 1`] = `Object {}`;

exports[`getProjection returns empty when fieldASTs.fieldNodes[0].selectionSet.selections is not an array 1`] = `Object {}`;
